P -> L P | L
L -> S ;
S -> while C do S
C -> E relop E
E -> T E'
T -> F T'
F -> ( E )
E -> T E'
T -> F T'
F -> id
T' -> ε
E' -> + T E'
T -> F T'
F -> int10
T' -> ε
E' -> ε
T' -> ε
E' -> ε
relop -> >
E -> T E'
T -> F T'
F -> int16
T' -> ε
E' -> ε
C -> E relop E
E -> T E'
T -> F T'
F -> id
T' -> ε
E' -> ε
relop -> =
E -> T E'
T -> F T'
F -> int8
T' -> ε
E' -> ε
S -> while C do S
C -> E relop E
E -> T E'
T -> F T'
F -> id
T' -> ε
E' -> ε
relop -> <
E -> T E'
T -> F T'
F -> id
T' -> ε
E' -> ε
S -> id = E
E -> T E'
T -> F T'
F -> id
T' -> * F T'
F -> id
T' -> / F T'
F -> id
T' -> ε
E' -> ε
S -> if C then S
L -> S ;
S -> id = E
E -> T E'
T -> F T'
F -> id
T' -> * F T'
F -> id
T' -> ε
E' -> + T E'
T -> F T'
F -> id
T' -> ε
E' -> ε
语法分析成功！
